Zadejte puzzle:
Jedno reseni:
+--+--+--+--+--+--+--+--+--+
| 2|       3|  |  | 2   |  |
+  +--+--+--+  +  +--+--+  +
|  |       3| 2| 2| 1|  |  |
+--+--+--+--+--+--+--+  +  +
|                7   |  |  |
+--+--+--+--+--+--+--+  +  +
|             7      | 3|  |
+--+--+--+--+--+--+--+--+  +
|    4|    4| 3|    3   | 7|
+  +  +  +  +  +--+--+--+  +
|     |     |  | 3      |  |
+--+--+--+--+  +--+--+--+  +
|    4      |  |    3   |  |
+--+--+--+--+--+--+--+--+--+
