Zadejte puzzle:
Jedno reseni:
+--+--+--+--+--+--+--+--+
| 4         | 4         |
+--+--+--+--+--+--+--+--+
