Zadejte puzzle:
Jedno reseni:
+--+--+--+--+--+--+--+--+
| 2   | 2   |    2|    2|
+--+--+--+--+--+--+--+--+
| 8                     |
+--+--+--+--+--+--+--+--+
